
 ÛÜÜÜÜÜÛÛÜÜÜÜÜÜÜÜÜÜÛÛÜÜÛ²ÛÛÛÛÛßßßßßß    ßÜ  ßßÜßßßßÛÛÛÛ²ÛÜÜÜÜÛÛÜÜÜÜÜÛÛÜÜÜÜÜÜÜÜÛ
 ÛßßßßßßßßßßßßßßßßßßßßßßßßßÜÜß    ßßßßßßßßßßßßßßßßßßßßßßß²
 ÛÛ²ßßßßßßÛÛßßßßßÛÛÛÛÛßß  Üßßß² ²ßßßßßßßßßßßßÜßßÛ ÛßßßÜ  ßßÛÛ²ßßÛÛßßßßßßßßÛÛ²ÛÛ
 ÜÜÜÜÜÜÜÜÜÜÜÜÜÜÜÜÜÜßÜÜÜ ± ±²ÜÜß ßßßÜß  Üß²² Û²ÜÜÜßÜÜ    ÜÜÜÜÜÜÜÜÜÜÜÜ
 ßßßßßßßßßßßÛßß    ÛßßßÜÜßß±ß ° ²°°ß° ±Û²Ü° °²ß°° ²±ß²ßßÜÜßßß²        ßßßßßßßßß
 Û²ßßßÛßÛßß Û Üßß² ²ÜÜÛ ÜßÛÛ² ° ± ²²² ²±°²² ²°° ° ±°²ÛÛÜÜ ßß ±  ÜßßßÜÜÜ  ßßßßÛÛ
 ÜÜÜÜÜ   ßßßÛßßß ± ±²ßÛÛ  Û²± Û ° ±°² Û²Û°Û Û²² ± ° ±²²  ÛÛ² ° Û ÜÜÜÜÜ ßßÜ  ÜÜÜ
 ßß  ÜÜÜßß  Û ßÛ ° °±±²²  ²±° ²  ßÜÜ± ²±²²° Û±± ² Û °±²  ²²± Û °±ß²ßßßÜÜÜ ²  ßß
 ²Ûß ²ÜÜÜßÜß²²²² Û Û°Û±²  ±°  ° Ü±°±±± °°° Û °  °Û ÜÛ±° ° Û°²°ÛßÜÜ²±°±  ßß
 Ü   ±²°ß²  ²±±± ² Û ²ÛÛ  °ÜÜßß  ²ÛÜÜ ² °°² ±   ° ±  °ßßß ° ±  ° ±²²  ²²° ° ° ß
   ° °±²²²  Û°°° ± ² ±²Û²Û  °   ° ²   ± ²       Üß Ü ± °±±  ±±² ²
 °   Û°±±Û Üß°  °  ° °±ßßßß²  °°°ßßÜ  ° °°° Û   ² Û   ßÜÜß ÜÜ° ²  °°  °°± ± °
 ±°° °  °ßß   Üß   ±  °   Üß  ÛÜ ²°  ± °°° Û °ßßÜ ßß Û   Û  ° ° °   °
 ²±  ±     Üßß °Üß ²   ²ßß ÜÜß°°°°°°  Û°  ² ±°° ± ²        ßßÜ °  °±  Û   Û   ±
 Û²° ²°°    ßÜÜ    °°° ±  Û²ßßß°±°°Û ²ÜÜß  Û°  ±ßÜÜ   ± ²°°±Û  ° ° ° ° ²
  Û² Û±±°      ßßÜ ±±°°°   ÜÜßß° °°°Û ±²±±° °°°Üß °°° ±  °   ° °±±²°  ² °°± ±Û²
 ÛÜÛ °Û²²ÛßßÜ °±±° Û²±±Û  ° °°°²   Û² ²Û²²²  ÛÛß  ²±° ²  ²°°   ±²²Û±  Û°±±² ²Ûß
 ²Üß ±°Û²° ° °²ÛÛ± °Û²°°  °°±±°° °ß°  °±°Û  °°ßß      °  °±  ² ²²ß ²  °±²²° ß Ü
  ±Û ²±°°±   ±°°±² ±°±±±  ±±±²²² Ý    ±ßÛßß  ÜÜÜÜßß   ß  ß    ±  Ü    ±²²°² Üß²
 ÛÜ  °²±±² ° ²±²²Û Û°Û²²  ²²²°°° ßÜ°   ÜÜÜßÜÜßß    ° ßÜ   Û   Ü²ß  ßÜ ²ÛÜ±°  Ü²
 ²²² ±Ü²²°   °²ÜÛÛ °ÜßßÛÜßÜ²Ü±±²ßßßßß   Û    °²° ßÜÜÜÝ  ß Û±   ÛÝ ÛÜ²± ß±°
 ÜßÜ ²Üßß± ° ²ßÛÜ° ±ÜÜßÜÛÜÜÜßßÛ  °°°Ü ²ÛÜß°   Û°  ±ÛÛ   ±²Ü     ²ßÜßß  ßßÛ² ÛÜß
 ÜßÜ ²ÜÜÜ±   ÛÜÜÜÛ ²ÜÜÜÜÜÜÜÜßß ÜÛÜÜÜ² Ü  Û± ßÜÜ  Üß  ßÜ    ßß   ßßÜÜß Üß²
 Üß°°°°     ÜÜß  °°°Þ²  ²Û  Ü  ß     °°±°±
  ²Üßßßßß  ßßß  ß ß   ß ßßßßßÜÜ ÜÜßÜ²  ²Ý ß²ÜÜ ÜÜZIIßßß ßßßÜÛ

  RetroTxt - The app that lets you view works of ANSI art, ASCII and NFO text
  in-browser as HTML. LGPL and available for Chrome, Firefox.
  http://retrotxt.com
  Logo by Zeus II [Blocktronics] [FUEL]
COMNTThe app that lets you view works of ANSI art, ASCII and NFO text in-browse
r as HTML. LGPL and available for Chrome, Firefox.    SAUCE00RetroTxt logo
                Zeus II             Blocktronics, FUEL  20170730f  P      
IBM VGA